Amatori reparti equilibrata seed 0: CPU residui 0.11, top utente 3, top tardivi economici 0, OVR11 +0.7
Amatori reparti top         seed 0: CPU residui 0.56, top utente 15, top tardivi economici 0, OVR11 +5.93
Amatori reparti attendista  seed 0: CPU residui 1, top utente 1, top tardivi economici 0, OVR11 -9.71
Serie C reparti equilibrata seed 0: CPU residui 0, top utente 2, top tardivi economici 0, OVR11 -2.83
Serie C reparti top         seed 0: CPU residui 0, top utente 14, top tardivi economici 0, OVR11 +3.43
Serie C reparti attendista  seed 0: CPU residui 0, top utente 1, top tardivi economici 0, OVR11 -13.04
Serie C libera  equilibrata seed 0: CPU residui 3, top utente 3, top tardivi economici 0, OVR11 +1.12
Serie C libera  top         seed 0: CPU residui 1.67, top utente 8, top tardivi economici 0, OVR11 +2.25
Serie C libera  attendista  seed 0: CPU residui 5, top utente 0, top tardivi economici 0, OVR11 -11.53
Serie B reparti equilibrata seed 0: CPU residui 0, top utente 2, top tardivi economici 0, OVR11 -1.69
Serie B reparti top         seed 0: CPU residui 0, top utente 14, top tardivi economici 0, OVR11 +1.66
Serie B reparti attendista  seed 0: CPU residui 0.11, top utente 0, top tardivi economici 0, OVR11 -10.3
Serie B libera  equilibrata seed 0: CPU residui 2.22, top utente 5, top tardivi economici 0, OVR11 +0.95
Serie B libera  top         seed 0: CPU residui 2.33, top utente 10, top tardivi economici 0, OVR11 +3.28
Serie B libera  attendista  seed 0: CPU residui 4.22, top utente 0, top tardivi economici 0, OVR11 -8.31
Serie A reparti equilibrata seed 0: CPU residui 0.22, top utente 2, top tardivi economici 0, OVR11 -0.84
Serie A reparti top         seed 0: CPU residui 0, top utente 12, top tardivi economici 0, OVR11 +1.44
Serie A reparti attendista  seed 0: CPU residui 0, top utente 0, top tardivi economici 0, OVR11 -8.18
Serie A libera  equilibrata seed 0: CPU residui 3.44, top utente 4, top tardivi economici 0, OVR11 +0.47
Serie A libera  top         seed 0: CPU residui 1.67, top utente 7, top tardivi economici 0, OVR11 +2.1
Serie A libera  attendista  seed 0: CPU residui 3, top utente 0, top tardivi economici 0, OVR11 -9.47

Integrità: 21 aste complete, 5250 acquisti validi. Bilanciamento: 0 scenari oltre le soglie di attenzione.
