[OK] admin-butterfly-555.js
[OK] admin-goal-threshold-76.js
[OK] admin-last-reserve.js
[OK] admin-new-scoring.js
[OK] admin-one-shot.js
[OK] arcade-auction.js
[OK] arcade-lamp-switch.js
[OK] assistant-tactical-pro.js
[OK] attack-budget-reserve.js
[OK] auction-difficulty.js
[OK] auction-module-boundaries.js
[OK] auction-regressions.js
[OK] auction-reputation.js
[OK] auction-runtime-check.js
[OK] balance-production.js
[OK] browser-fixtures.js
[OK] bundle-cpu-value.js
[OK] career-market-values.js
[OK] career-smoke.js
[OK] cpu-backup-coverage.js
[OK] cpu-lineup-context.js
[OK] css-build.js
[OK] css-consolidation.js
[OK] datacenter-overview.js
[OK] datacenter-players.js
[OK] domain-integration.js
[OK] event-player-selection.js
[OK] event-rarity-gate.js
[OK] expert-reasons.js
[OK] expert-story.js
[OK] free-role-auction-smoke.js
[OK] free-role-strategy.js
[OK] keeper-confirmation.js
[OK] lineup-captain-selection.js
[OK] lineup-carry-free.js
[OK] lineup-portrait-layout.js
[OK] live-duel-lineups.js
[OK] long-career-storage.js
[OK] mobile-auction-app.js
[OK] mobile-ui.js
[OK] module-boundaries.js
[OK] open-role-budget.js
[OK] pokemon-catalog-smoke.js
[OK] pre-auction-pack.js
[OK] pre-auction-reroll.js
[OK] pre-auction-rules.js
[OK] presentation-state.js
[OK] production-edition.js
[OK] real-league-promotion.js
[OK] responsive-audit.js
[OK] restoration-219.js
[OK] risk-injury.js
[OK] run-tests.js
[OK] save-integration.js
[OK] save-performance-details.js
[OK] season-recap.js
[OK] season-shock.js
[OK] serie-a-migration.js
[OK] serie-b-career.js
[OK] shop-economy.js
[OK] social-replies.js
[OK] sponsors-update.js
[OK] tactical-expected-points.js
[OK] trade-availability.js
[OK] trade-counter-agreement.js

65 script di regressione: tutti superati.
Soglie aste bloccanti. Browser esteso separato dai test core: asta, storage reale, formazione, capitano e Diretta Gol su sette viewport.
