
FANTALLENATORE - TEST AUTOMATICI

[OK] JavaScript: tutti i file hanno sintassi valida
[OK] HTML: nessun ID duplicato
[OK] HTML: script, fogli stile e immagini collegati esistono
[OK] CSS: sintassi strutturale e asset locali validi
[OK] Database: struttura generale coerente
[OK] Database: ogni giocatore ha dati e valori validi
[OK] Database: disponibilita sufficiente per 10 rose complete
[OK] Database JSON: fonte ufficiale valida e allineata al runtime offline
[OK] Database estero JSON: 300 giocatori modificabili e allineati al runtime
[OK] Regole carriera: budget, rosa e stagione invariati
[OK] Configurazione: valori identificativi centralizzati
[OK] Accessibilita: navigazione, annunci e preferenze utente presenti
[OK] Moduli JS: dipendenze esplicite e caricate prima dell orchestratore
[OK] Modulo salvataggi: compressione reversibile e compatibile
[OK] Save manager: fallback, coda, lettura e pulizia isolati
[OK] Motore stagione: calendario fantasy completo e deterministico
[OK] Motore stagione: Serie A andata/ritorno e classifica
[OK] Titolarita: probabilita normalizzate sui posti reali del ruolo
[OK] Motore carriera: saldo e negozio rispettano i vincoli
[OK] Fantapoints: valuta persistente e premio giornata protetto
[OK] Motore carriera: sponsor e premi non vengono duplicati
[OK] Motore asta: limiti rosa, ruolo e riserva crediti
[OK] Motore asta: aggiudicazione atomica e One Shot a 1
[OK] Moduli JS: regole e utilita pure rispettano il contratto
[OK] CSS: design system e proprietari caricati nell ordine corretto
[OK] Responsive: sei viewport principali protette
[OK] Fantapoteri: loadout da 3 slot e limiti utilizzo
[OK] One Shot: assegna all utente a 1 credito e usa il flusso standard
[OK] Salvataggi: IndexedDB, backup e migrazione presenti
[OK] Evoluzione OVR: tetto stagionale a +/-10
[OK] UI: schermate e azioni fondamentali presenti
[OK] Flusso post asta: ingresso stagione e moduli stagionali integri
[OK] Eventi pre-Diretta Gol: nuovi boost e malus giocatore attivi nel motore
[OK] Eventi Admin: rarità, vincoli XI e Fantaclassifica
[OK] Regolamento pre-asta: tre regole Admin sorteggiate e applicate
[OK] Strategia CPU: il regolamento influenza asta e formazione
[OK] Fine reparto utente: aste CPU residue simulate automaticamente
[OK] Calciomercato Serie A: motore trasferimenti deterministico e coerente
[OK] Calciomercato: punteggi distanti contano e una cessione crea bisogno
[OK] Calciomercato: le big non comprano giocatori troppo sotto il livello del reparto
[OK] Finestra invernale: si attiva una sola volta tra giornata 19 e 20
[OK] Asta di gennaio: rimborsi, svincoli e contabilità separata
[OK] Pool estero: 300 giocatori nascosti, persistenti e consumabili dal mercato
[OK] Profili esteri: nomi fissi, caratteristiche casuali per carriera e FVM calcolato
[OK] Aggiornamento mondo Serie A: club, listone, arrivi, partenze e forza club
[OK] Consumabili: acquisto multiplo, inventario e utilizzi contestuali
[OK] Sostituzioni fantasy: anche un titolare reale SV viene sostituito
[OK] Eventi rari/epici: nuove carte speciali presenti
[OK] Power-up Eventi Speciali: sblocca il pool raro/epico dedicato
[OK] Carriera multi-stagione: recap, mercato estivo e nuova asta collegati
[OK] Carriera: dalla Lega Amatori alla Serie A
[OK] Carriera multi-stagione: OVR finali diventano nuova base permanente
[OK] Carriera multi-stagione: promozione, storico e inventario persistono
[OK] Serie A reale: forza reparto e probabilita gol dinamiche
[OK] Power-up Esperti Pro: aumenta nettamente la precisione senza renderla infallibile
[OK] Sette esperti: tre per giornata, sorprese nascoste e consigli fallibili
[OK] Scambi post asta: rose, ruoli, crediti e limiti restano coerenti
[OK] Scambi invernali: contabilità e formazione vengono aggiornate
[OK] Scambi: filtri, ordinamenti e motivazione della controproposta
[OK] Figlio del mister: gennaio garantito, identità e pool separato
[OK] Avvio carriera: levetta Pokémon alterna il listone prima dell’asta
[OK] Asta gennaio e multi-stagione: valori dinamici ricalcolati dopo mercato e OVR

Risultato: 62/62 test superati.
Nessuna regressione rilevata.
